// Jest Snapshot v1, https://goo.gl/fbAQLP

exports[`testing_RegisterScreen should_render_registerScreen_component 1`] = `
Array [
  <h3
    className="auth__title"
  >
    Register
  </h3>,
  <form
    className="animate__animated animate__fadeIn animate__faster"
    onSubmit={[Function]}
  >
    <input
      autoComplete="off"
      className="auth__input"
      name="name"
      onChange={[Function]}
      placeholder="Name"
      type="text"
      value="Jorge"
    />
    <input
      autoComplete="off"
      className="auth__input"
      name="email"
      onChange={[Function]}
      placeholder="Email"
      type="text"
      value="jorge@gmail.com"
    />
    <input
      autoComplete="off"
      className="auth__input"
      name="password"
      onChange={[Function]}
      placeholder="Password"
      type="password"
      value="123456"
    />
    <input
      autoComplete="off"
      className="auth__input"
      name="password2"
      onChange={[Function]}
      placeholder="Confirm password"
      type="password"
      value="123456"
    />
    <button
      className=" btn btn-primary btn-block mb-5"
      type="submit"
    >
      Login
    </button>
    <a
      className="link mt-5"
      href="/auth/login"
      onClick={[Function]}
    >
      already registered ?
    </a>
  </form>,
]
`;
